Release 14.7 - xst P.20131013 (nt64)
Copyright (c) 1995-2013 Xilinx, Inc.  All rights reserved.
--> Parameter TMPDIR set to xst/projnav.tmp


Total REAL time to Xst completion: 1.00 secs
Total CPU time to Xst completion: 0.24 secs
 
--> Parameter xsthdpdir set to xst


Total REAL time to Xst completion: 1.00 secs
Total CPU time to Xst completion: 0.24 secs
 
--> Reading design: Fetch.prj

TABLE OF CONTENTS
  1) Synthesis Options Summary
  2) HDL Parsing
  3) HDL Elaboration
  4) HDL Synthesis
       4.1) HDL Synthesis Report
  5) Advanced HDL Synthesis
       5.1) Advanced HDL Synthesis Report
  6) Low Level Synthesis
  7) Partition Report
  8) Design Summary
       8.1) Primitive and Black Box Usage
       8.2) Device utilization summary
       8.3) Partition Resource Summary
       8.4) Timing Report
            8.4.1) Clock Information
            8.4.2) Asynchronous Control Signals Information
            8.4.3) Timing Summary
            8.4.4) Timing Details
            8.4.5) Cross Clock Domains Report


=========================================================================
*                      Synthesis Options Summary                        *
=========================================================================
---- Source Parameters
Input File Name                    : "Fetch.prj"
Ignore Synthesis Constraint File   : NO

---- Target Parameters
Output File Name                   : "Fetch"
Output Format                      : NGC
Target Device                      : xc6slx9-3-ftg256

---- Source Options
Top Module Name                    : Fetch
Automatic FSM Extraction           : YES
FSM Encoding Algorithm             : Auto
Safe Implementation                : No
FSM Style                          : LUT
RAM Extraction                     : Yes
RAM Style                          : Auto
ROM Extraction                     : Yes
Shift Register Extraction          : YES
ROM Style                          : Auto
Resource Sharing                   : YES
Asynchronous To Synchronous        : NO
Shift Register Minimum Size        : 2
Use DSP Block                      : Auto
Automatic Register Balancing       : No

---- Target Options
LUT Combining                      : Auto
Reduce Control Sets                : Auto
Add IO Buffers                     : YES
Global Maximum Fanout              : 100000
Add Generic Clock Buffer(BUFG)     : 16
Register Duplication               : YES
Optimize Instantiated Primitives   : NO
Use Clock Enable                   : Auto
Use Synchronous Set                : Auto
Use Synchronous Reset              : Auto
Pack IO Registers into IOBs        : Auto
Equivalent register Removal        : YES

---- General Options
Optimization Goal                  : Speed
Optimization Effort                : 1
Power Reduction                    : NO
Keep Hierarchy                     : No
Netlist Hierarchy                  : As_Optimized
RTL Output                         : Yes
Global Optimization                : AllClockNets
Read Cores                         : YES
Write Timing Constraints           : NO
Cross Clock Analysis               : NO
Hierarchy Separator                : /
Bus Delimiter                      : <>
Case Specifier                     : Maintain
Slice Utilization Ratio            : 100
BRAM Utilization Ratio             : 100
DSP48 Utilization Ratio            : 100
Auto BRAM Packing                  : NO
Slice Utilization Ratio Delta      : 5

=========================================================================


=========================================================================
*                          HDL Parsing                                  *
=========================================================================
Analyzing Verilog file "C:\Users\Olivia\OneDrive\Desktop\sepehr\Address Fetch\Fetch\Fetch.vf" into library work
Parsing module <FD8CE_HXILINX_Fetch>.
Parsing module <ADD8_HXILINX_Fetch>.
Parsing module <Fetch>.

=========================================================================
*                            HDL Elaboration                            *
=========================================================================

Elaborating module <Fetch>.

Elaborating module <FD8CE_HXILINX_Fetch>.

Elaborating module <ADD8_HXILINX_Fetch>.

Elaborating module <PULLUP>.

Elaborating module <PULLDOWN>.

=========================================================================
*                           HDL Synthesis                               *
=========================================================================

Synthesizing Unit <Fetch>.
    Related source file is "C:\Users\Olivia\OneDrive\Desktop\sepehr\Address Fetch\Fetch\Fetch.vf".
    Set property "HU_SET = XLXI_1_0" for instance <XLXI_1>.
    Set property "HU_SET = XLXI_3_1" for instance <XLXI_3>.
INFO:Xst:3210 - "C:\Users\Olivia\OneDrive\Desktop\sepehr\Address Fetch\Fetch\Fetch.vf" line 87: Output port <CO> of the instance <XLXI_3> is unconnected or connected to loadless signal.
INFO:Xst:3210 - "C:\Users\Olivia\OneDrive\Desktop\sepehr\Address Fetch\Fetch\Fetch.vf" line 87: Output port <OFL> of the instance <XLXI_3> is unconnected or connected to loadless signal.
    Summary:
	no macro.
Unit <Fetch> synthesized.

Synthesizing Unit <FD8CE_HXILINX_Fetch>.
    Related source file is "C:\Users\Olivia\OneDrive\Desktop\sepehr\Address Fetch\Fetch\Fetch.vf".
    Found 8-bit register for signal <Q>.
    Summary:
	inferred   8 D-type flip-flop(s).
Unit <FD8CE_HXILINX_Fetch> synthesized.

Synthesizing Unit <ADD8_HXILINX_Fetch>.
    Related source file is "C:\Users\Olivia\OneDrive\Desktop\sepehr\Address Fetch\Fetch\Fetch.vf".
    Found 9-bit adder for signal <n0019> created at line 58.
    Found 9-bit adder for signal <n0010> created at line 58.
    Summary:
	inferred   2 Adder/Subtractor(s).
Unit <ADD8_HXILINX_Fetch> synthesized.

=========================================================================
HDL Synthesis Report

Macro Statistics
# Adders/Subtractors                                   : 2
 9-bit adder                                           : 2
# Registers                                            : 1
 8-bit register                                        : 1

=========================================================================

=========================================================================
*                       Advanced HDL Synthesis                          *
=========================================================================


=========================================================================
Advanced HDL Synthesis Report

Macro Statistics
# Adders/Subtractors                                   : 1
 9-bit adder carry in                                  : 1
# Registers                                            : 8
 Flip-Flops                                            : 8

=========================================================================

=========================================================================
*                         Low Level Synthesis                           *
=========================================================================

Optimizing unit <Fetch> ...

Optimizing unit <FD8CE_HXILINX_Fetch> ...

Optimizing unit <ADD8_HXILINX_Fetch> ...

Mapping all equations...
Building and optimizing final netlist ...
Found area constraint ratio of 100 (+ 5) on block Fetch, actual ratio is 0.

Final Macro Processing ...

=========================================================================
Final Register Report

Macro Statistics
# Registers                                            : 8
 Flip-Flops                                            : 8

=========================================================================

=========================================================================
*                           Partition Report                            *
=========================================================================

Partition Implementation Status
-------------------------------

  No Partitions were found in this design.

-------------------------------

=========================================================================
*                            Design Summary                             *
=========================================================================

Top Level Output File Name         : Fetch.ngc

Primitive and Black Box Usage:
------------------------------
# BELS                             : 10
#      LUT2                        : 2
#      LUT3                        : 2
#      LUT4                        : 1
#      LUT5                        : 2
#      LUT6                        : 3
# FlipFlops/Latches                : 8
#      FDCE                        : 8
# Clock Buffers                    : 1
#      BUFGP                       : 1
# IO Buffers                       : 9
#      IBUF                        : 1
#      OBUF                        : 8
# Others                           : 2
#      PULLDOWN                    : 1
#      PULLUP                      : 1

Device utilization summary:
---------------------------

Selected Device : 6slx9ftg256-3 


Slice Logic Utilization: 
 Number of Slice Registers:               8  out of  11440     0%  
 Number of Slice LUTs:                   10  out of   5720     0%  
    Number used as Logic:                10  out of   5720     0%  

Slice Logic Distribution: 
 Number of LUT Flip Flop pairs used:     18
   Number with an unused Flip Flop:      10  out of     18    55%  
   Number with an unused LUT:             8  out of     18    44%  
   Number of fully used LUT-FF pairs:     0  out of     18     0%  
   Number of unique control sets:         1

IO Utilization: 
 Number of IOs:                          10
 Number of bonded IOBs:                  10  out of    186     5%  

Specific Feature Utilization:
 Number of BUFG/BUFGCTRLs:                1  out of     16     6%  

---------------------------
Partition Resource Summary:
---------------------------

  No Partitions were found in this design.

---------------------------


=========================================================================
Timing Report

NOTE: THESE TIMING NUMBERS ARE ONLY A SYNTHESIS ESTIMATE.
      FOR ACCURATE TIMING INFORMATION PLEASE REFER TO THE TRACE REPORT
      GENERATED AFTER PLACE-and-ROUTE.

Clock Information:
------------------
-----------------------------------+------------------------+-------+
Clock Signal                       | Clock buffer(FF name)  | Load  |
-----------------------------------+------------------------+-------+
C                                  | BUFGP                  | 8     |
-----------------------------------+------------------------+-------+

Asynchronous Control Signals Information:
----------------------------------------
No asynchronous control signals found in this design

Timing Summary:
---------------
Speed Grade: -3

   Minimum period: 2.458ns (Maximum Frequency: 406.860MHz)
   Minimum input arrival time before clock: 2.454ns
   Maximum output required time after clock: 3.791ns
   Maximum combinational path delay: No path found

Timing Details:
---------------
All values displayed in nanoseconds (ns)

=========================================================================
Timing constraint: Default period analysis for Clock 'C'
  Clock period: 2.458ns (frequency: 406.860MHz)
  Total number of paths / destination ports: 36 / 8
-------------------------------------------------------------------------
Delay:               2.458ns (Levels of Logic = 4)
  Source:            XLXI_1/Q_4 (FF)
  Destination:       XLXI_1/Q_7 (FF)
  Source Clock:      C rising
  Destination Clock: C rising

  Data Path: XLXI_1/Q_4 to XLXI_1/Q_7
                                Gate     Net
    Cell:in->out      fanout   Delay   Delay  Logical Name (Net Name)
    ----------------------------------------  ------------
     FDCE:C->Q             5   0.447   0.819  Q_4 (Q_4)
     end scope: 'XLXI_1:Q<4>'
     begin scope: 'XLXI_3:B<4>'
     LUT2:I0->O            1   0.203   0.684  n0010<7>_SW0 (N01)
     LUT6:I4->O            1   0.203   0.000  n0010<7> (S<7>)
     end scope: 'XLXI_3:S<7>'
     begin scope: 'XLXI_1:D<7>'
     FDCE:D                    0.102          Q_7
    ----------------------------------------
    Total                      2.458ns (0.955ns logic, 1.503ns route)
                                       (38.9% logic, 61.1% route)

=========================================================================
Timing constraint: Default OFFSET IN BEFORE for Clock 'C'
  Total number of paths / destination ports: 8 / 8
-------------------------------------------------------------------------
Offset:              2.454ns (Levels of Logic = 2)
  Source:            clk (PAD)
  Destination:       XLXI_1/Q_0 (FF)
  Destination Clock: C rising

  Data Path: clk to XLXI_1/Q_0
                                Gate     Net
    Cell:in->out      fanout   Delay   Delay  Logical Name (Net Name)
    ----------------------------------------  ------------
     IBUF:I->O             8   1.222   0.802  clk_IBUF (clk_IBUF)
     begin scope: 'XLXI_1:CLR'
     FDCE:CLR                  0.430          Q_0
    ----------------------------------------
    Total                      2.454ns (1.652ns logic, 0.802ns route)
                                       (67.3% logic, 32.7% route)

=========================================================================
Timing constraint: Default OFFSET OUT AFTER for Clock 'C'
  Total number of paths / destination ports: 8 / 8
-------------------------------------------------------------------------
Offset:              3.791ns (Levels of Logic = 2)
  Source:            XLXI_1/Q_2 (FF)
  Destination:       O<2> (PAD)
  Source Clock:      C rising

  Data Path: XLXI_1/Q_2 to O<2>
                                Gate     Net
    Cell:in->out      fanout   Delay   Delay  Logical Name (Net Name)
    ----------------------------------------  ------------
     FDCE:C->Q             7   0.447   0.773  Q_2 (Q_2)
     end scope: 'XLXI_1:Q<2>'
     OBUF:I->O                 2.571          O_2_OBUF (O<2>)
    ----------------------------------------
    Total                      3.791ns (3.018ns logic, 0.773ns route)
                                       (79.6% logic, 20.4% route)

=========================================================================

Cross Clock Domains Report:
--------------------------

Clock to Setup on destination clock C
---------------+---------+---------+---------+---------+
               | Src:Rise| Src:Fall| Src:Rise| Src:Fall|
Source Clock   |Dest:Rise|Dest:Rise|Dest:Fall|Dest:Fall|
---------------+---------+---------+---------+---------+
C              |    2.458|         |         |         |
---------------+---------+---------+---------+---------+

=========================================================================


Total REAL time to Xst completion: 6.00 secs
Total CPU time to Xst completion: 5.91 secs
 
--> 

Total memory usage is 4486816 kilobytes

Number of errors   :    0 (   0 filtered)
Number of warnings :    0 (   0 filtered)
Number of infos    :    2 (   0 filtered)

